// Jest Snapshot v1, https://goo.gl/fbAQLP

exports[`Home Snapshot should match snapshot 1`] = `
<div
  className="container"
>
  <Header />
  <Connect(HomeContent) />
  <Footer />
</div>
`;
