// Jest Snapshot v1, https://goo.gl/fbAQLP

exports[`Footer snapshots should match snapshot 1`] = `
<div
  className="container"
>
  <div
    style={
      Object {
        "marginBottom": 4,
      }
    }
  >
    Made with 
    <span
      aria-label="emoji-love"
      role="img"
    >
      ❤️
    </span>
     in Melbourne
  </div>
  <div>
    @ 2016 Broccoli & Co. All rights reserved.
  </div>
</div>
`;
