// Jest Snapshot v1, https://goo.gl/fbAQLP

exports[`Header snapshots should match snapshot 1`] = `
<div
  className="container"
>
  Broccoli & Co.
</div>
`;
